<html>
<body>
<pre>
<h1>µVision Build Log</h1>
<h2>Tool Versions:</h2>
IDE-Version: µVision V5.36.0.0
Copyright (C) 2021 ARM Ltd and ARM Germany GmbH. All rights reserved.
License Information: Yuri Yuri Zakharkov, SFU, LIC=----
 
Tool Versions:
Toolchain:       MDK-Lite  Version: 5.36.0.0
Toolchain Path:  C:\Keil_v5\ARM\ARMCLANG\Bin
C Compiler:      ArmClang.exe V6.16
Assembler:       Armasm.exe V6.16
Linker/Locator:  ArmLink.exe V6.16
Library Manager: ArmAr.exe V6.16
Hex Converter:   FromElf.exe V6.16
CPU DLL:         SARMCM3.DLL V5.36.0.0
Dialog DLL:      DCM.DLL V1.17.3.0
Target DLL:      UL2CM3.DLL V1.164.0.0
Dialog DLL:      TCM.DLL V1.53.0.0
 
<h2>Project:</h2>
C:\Users\zakha\Documents\Keil\LR1_1\homework.uvprojx
Project File Date:  03/08/2022

<h2>Output:</h2>
*** Using Compiler 'V6.16', folder: 'C:\Keil_v5\ARM\ARMCLANG\Bin'
Rebuild target 'Target 1'
assembling stm32_EQU.s...
"main.s", line 75: Warning: A1581W: Added 2 bytes of padding at address 0x36
   75 00000038     END  ;  ÓÌÂˆ Ù‡ÈÎ‡
0 Errors, 1 Warning
assembling main.s...
"startup.s", line 12: Warning: A1581W: Added 2 bytes of padding at address 0x36
   12 00000038     AREA RESET, CODE, READONLY
0 Errors, 1 Warning
assembling startup.s...
linking...
.\Objects\homework.sct(8): warning: L6314W: No section matches pattern *(InRoot$$Sections).
Program Size: Code=76 RO-data=20 RW-data=4 ZI-data=0  
Finished: 0 information, 1 warning and 0 error messages.
".\Objects\homework.axf" - 0 Error(s), 1 Warning(s).

<h2>Software Packages used:</h2>

Package Vendor: Keil
                http://www.keil.com/pack/Keil.STM32F1xx_DFP.2.4.0.pack
                Keil.STM32F1xx_DFP.2.4.0
                STMicroelectronics STM32F1 Series Device Support, Drivers and Examples

<h2>Collection of Component include folders:</h2>
  C:\Users\zakha\AppData\Local\Arm\Packs\Keil\STM32F1xx_DFP\2.4.0\Device\Include

<h2>Collection of Component Files used:</h2>
Build Time Elapsed:  00:00:00
</pre>
</body>
</html>
