Component: ARM Compiler 6.16 Tool: armlink [5dfeaa00]

==============================================================================

Section Cross References

    startup.o(MAIN) refers to startup.o(CONSTANT_FLASH) for mas1
    startup.o(MAIN) refers to startup.o(VERIABLE_RAM) for result
    startup.o(RESET) refers to startup.o(MAIN) for main
    main.o(MAIN) refers to main.o(CONSTANT_FLASH) for mas1
    main.o(MAIN) refers to main.o(VERIABLE_RAM) for result


==============================================================================

Removing Unused input sections from the image.

    Removing main.o(CONSTANT_FLASH), (20 bytes).
    Removing main.o(VERIABLE_RAM), (1 bytes).
    Removing main.o(MAIN), (64 bytes).

3 unused section(s) (total 85 bytes) removed from the image.

==============================================================================

Image Symbol Table

    Local Symbols

    Symbol Name                              Value     Ov Type        Size  Object(Section)

    main.s                                   0x00000000   Number         0  main.o ABSOLUTE
    startup.s                                0x00000000   Number         0  startup.o ABSOLUTE
    stm32_EQU.s                              0x00000000   Number         0  stm32_equ.o ABSOLUTE
    RESET                                    0x08000000   Section       12  startup.o(RESET)
    startup                                  0x08000009   Thumb Code     4  startup.o(RESET)
    main                                     0x0800000d   Thumb Code    54  startup.o(MAIN)
    MAIN                                     0x0800000c   Section       64  startup.o(MAIN)
    mas1                                     0x0800004c   Data          10  startup.o(CONSTANT_FLASH)
    CONSTANT_FLASH                           0x0800004c   Section       20  startup.o(CONSTANT_FLASH)
    result                                   0x20000000   Data           1  startup.o(VERIABLE_RAM)
    VERIABLE_RAM                             0x20000000   Section        1  startup.o(VERIABLE_RAM)

    Global Symbols

    Symbol Name                              Value     Ov Type        Size  Object(Section)

    BuildAttributes$$THM_ISAv4$P$D$K$B$S$A:L22UL41UL21$X:L11$S22US41US21$IEEE1$~IW$USESV6$~STKCKD$USESV7$~SHL$OSPACE$EBA8$STANDARDLIB$PRES8$EABIv2 0x00000000   Number         0  anon$$obj.o ABSOLUTE



==============================================================================

Memory Map of the image

  Image Entry point : 0x08000009

  Load Region LR_IROM1 (Base: 0x08000000, Size: 0x00000064, Max: 0x00010000, ABSOLUTE)

    Execution Region ER_IROM1 (Exec base: 0x08000000, Load base: 0x08000000, Size: 0x00000060, Max: 0x00010000, ABSOLUTE)

    Exec Addr    Load Addr    Size         Type   Attr      Idx    E Section Name        Object

    0x08000000   0x08000000   0x0000000c   Code   RO            4  * RESET               startup.o
    0x0800000c   0x0800000c   0x00000040   Code   RO            3    MAIN                startup.o
    0x0800004c   0x0800004c   0x00000014   Data   RO            1    CONSTANT_FLASH      startup.o


    Execution Region RW_IRAM1 (Exec base: 0x20000000, Load base: 0x08000060, Size: 0x00000004, Max: 0x00005000, ABSOLUTE)

    Exec Addr    Load Addr    Size         Type   Attr      Idx    E Section Name        Object

    0x20000000   0x08000060   0x00000001   Data   RW            2    VERIABLE_RAM        startup.o


==============================================================================

Image component sizes


      Code (inc. data)   RO Data    RW Data    ZI Data      Debug   Object Name

        76         18         20          1          0        588   startup.o

    ----------------------------------------------------------------------
        76         18         20          4          0        588   Object Totals
         0          0          0          0          0          0   (incl. Generated)
         0          0          0          3          0          0   (incl. Padding)

    ----------------------------------------------------------------------
         0          0          0          0          0          0   Library Totals
         0          0          0          0          0          0   (incl. Padding)

    ----------------------------------------------------------------------

==============================================================================


      Code (inc. data)   RO Data    RW Data    ZI Data      Debug   

        76         18         20          4          0        536   Grand Totals
        76         18         20          4          0        536   ELF Image Totals
        76         18         20          4          0          0   ROM Totals

==============================================================================

    Total RO  Size (Code + RO Data)                   96 (   0.09kB)
    Total RW  Size (RW Data + ZI Data)                 4 (   0.00kB)
    Total ROM Size (Code + RO Data + RW Data)        100 (   0.10kB)

==============================================================================

